Error: found some input source with that id:`com`, please be more specific
