com.ABC
com.Dvorak
com.Pinyin
com.Shuangpin
com.Zhuyin
