Error: no input source found with that id:`AnyNAME`, maybe you did not install that?
