Error: found Dvorak might be current method: Dvorak
