Error: no input source found with that id:`anyID`, maybe you did not install that?
