ABC
Dvorak
Pinyin - Traditional
Shuangpin - Traditional
Zhuyin - Traditional
